
<!DOCTYPE html>
<html lang="en">
<head>
    <title>My amazing blog!</title>
    <meta charset="UTF-8"/>
    <meta name="description" content="Wow, like and subscribe, it really helps the channel guys" lang="en"/>
</head>
<body>
<nav role="navigation">
    <div>
        <h1>Budding Gopher's blog</h1>
        <ul>
            <li><a href="/">home</a></li>
            <li><a href="about">about</a></li>
            <li><a href="archive">archive</a></li>
        </ul>
    </div>
</nav>
<main>

<h1>post 1</h1>

<p>this is a very interesting post</p>

Tags: <ul><li>domain driven design</li><li>c#</li><li>.NET</li></ul>
<p>
<h1>Hello World!</h1>

<h2>some subchapter 1</h2>

<ul>
<li>some list element 1</li>
<li>some list element 2</li>
</ul>

</p>

</main>
<footer>
    <ul>
        <li><a href="https://twitter.com/quii">Twitter</a></li>
        <li><a href="https://github.com/quii">GitHub</a></li>
    </ul>
</footer>
</body>
</html>
